// Jest Snapshot v1, https://goo.gl/fbAQLP

exports[`<Button children="Hello, World!" /> should render without crashing 1`] = `
<View
  accessibilityState={
    {
      "busy": undefined,
      "checked": undefined,
      "disabled": undefined,
      "expanded": undefined,
      "selected": undefined,
    }
  }
  accessibilityValue={
    {
      "max": undefined,
      "min": undefined,
      "now": undefined,
      "text": undefined,
    }
  }
  accessible={true}
  collapsable={false}
  focusable={true}
  onBlur={[Function]}
  onClick={[Function]}
  onFocus={[Function]}
  onResponderGrant={[Function]}
  onResponderMove={[Function]}
  onResponderRelease={[Function]}
  onResponderTerminate={[Function]}
  onResponderTerminationRequest={[Function]}
  onStartShouldSetResponder={[Function]}
  style={
    {
      "alignItems": "center",
      "backgroundColor": "#B80C93",
      "borderColor": "#fff",
      "borderRadius": 99,
      "borderWidth": 0,
      "opacity": 1,
      "padding": 15,
      "paddingVertical": 18,
    }
  }
>
  <View
    style={
      {
        "alignItems": "center",
        "flexDirection": "row",
        "justifyContent": "center",
        "minHeight": 22,
      }
    }
  >
    <Text
      style={
        [
          {
            "color": "#000",
          },
          {
            "color": "#fff",
            "fontWeight": "bold",
          },
        ]
      }
    >
      Hello, World!
    </Text>
  </View>
</View>
`;
